2026-03-29 16:58:12.226+0000 INFO  Logging config in use: File '/var/lib/neo4j/conf/user-logs.xml'
2026-03-29 16:58:12.266+0000 INFO  Starting...
2026-03-29 16:58:14.316+0000 INFO  This instance is ServerId{c23c6990} (c23c6990-65dd-4ca6-9256-d76c45c20ef8)
2026-03-29 16:58:17.127+0000 INFO  ======== Neo4j 2026.02.3 ========
2026-03-29 16:58:39.207+0000 INFO  Anonymous Usage Data is being sent to Neo4j, see https://neo4j.com/docs/usage-data/
2026-03-29 16:59:02.834+0000 INFO  Bolt enabled on 0.0.0.0:7687.
2026-03-29 16:59:11.937+0000 INFO  HTTP enabled on 0.0.0.0:7474.
2026-03-29 16:59:11.938+0000 INFO  Remote interface available at http://localhost:7474/
2026-03-29 16:59:11.950+0000 INFO  id: A7A8DD71ED9D3EECFBC6B4B6BB8F8C2119D51DFA343EEA4B8C7840CB093A3C39
2026-03-29 16:59:11.951+0000 INFO  name: system
2026-03-29 16:59:11.956+0000 INFO  creationDate: 2026-03-29T16:58:23.245Z
2026-03-29 16:59:11.957+0000 INFO  Started.
2026-03-29 17:05:50.752+0000 INFO  Neo4j Server shutdown initiated by request
2026-03-29 17:05:50.888+0000 INFO  Stopping...
2026-03-29 17:06:33.311+0000 INFO  Logging config in use: File '/var/lib/neo4j/conf/user-logs.xml'
2026-03-29 17:06:33.335+0000 INFO  Starting...
2026-03-29 17:06:35.219+0000 INFO  This instance is ServerId{c23c6990} (c23c6990-65dd-4ca6-9256-d76c45c20ef8)
2026-03-29 17:06:38.839+0000 INFO  ======== Neo4j 2026.02.3 ========
2026-03-29 17:06:48.937+0000 INFO  Anonymous Usage Data is being sent to Neo4j, see https://neo4j.com/docs/usage-data/
2026-03-29 17:06:53.057+0000 INFO  Bolt enabled on 0.0.0.0:7687.
2026-03-29 17:07:02.208+0000 INFO  HTTP enabled on 0.0.0.0:7474.
2026-03-29 17:07:02.224+0000 INFO  Remote interface available at http://localhost:7474/
2026-03-29 17:07:02.237+0000 INFO  id: A7A8DD71ED9D3EECFBC6B4B6BB8F8C2119D51DFA343EEA4B8C7840CB093A3C39
2026-03-29 17:07:02.249+0000 INFO  name: system
2026-03-29 17:07:02.251+0000 INFO  creationDate: 2026-03-29T16:58:23.245Z
2026-03-29 17:07:02.256+0000 INFO  Started.
2026-03-30 13:26:30.059+0000 INFO  Logging config in use: File '/var/lib/neo4j/conf/user-logs.xml'
2026-03-30 13:26:30.163+0000 INFO  Starting...
2026-03-30 13:26:35.299+0000 INFO  This instance is ServerId{c23c6990} (c23c6990-65dd-4ca6-9256-d76c45c20ef8)
2026-03-30 13:26:41.946+0000 INFO  ======== Neo4j 2026.02.3 ========
2026-03-30 13:26:56.069+0000 INFO  Anonymous Usage Data is being sent to Neo4j, see https://neo4j.com/docs/usage-data/
2026-03-30 13:26:58.819+0000 INFO  Bolt enabled on 0.0.0.0:7687.
2026-03-30 13:27:12.048+0000 INFO  HTTP enabled on 0.0.0.0:7474.
2026-03-30 13:27:12.083+0000 INFO  Remote interface available at http://localhost:7474/
2026-03-30 13:27:12.134+0000 INFO  id: A7A8DD71ED9D3EECFBC6B4B6BB8F8C2119D51DFA343EEA4B8C7840CB093A3C39
2026-03-30 13:27:12.139+0000 INFO  name: system
2026-03-30 13:27:12.143+0000 INFO  creationDate: 2026-03-29T16:58:23.245Z
2026-03-30 13:27:12.147+0000 INFO  Started.
2026-03-31 16:42:29.976+0000 INFO  Neo4j Server shutdown initiated by request
2026-03-31 16:42:30.026+0000 INFO  Stopping...
2026-03-31 16:44:02.039+0000 INFO  Logging config in use: File '/var/lib/neo4j/conf/user-logs.xml'
2026-03-31 16:44:02.073+0000 INFO  Starting...
2026-03-31 16:44:03.911+0000 INFO  This instance is ServerId{c23c6990} (c23c6990-65dd-4ca6-9256-d76c45c20ef8)
2026-03-31 16:44:06.260+0000 INFO  ======== Neo4j 2026.02.3 ========
2026-03-31 16:44:12.304+0000 INFO  Anonymous Usage Data is being sent to Neo4j, see https://neo4j.com/docs/usage-data/
2026-03-31 16:44:13.760+0000 INFO  Bolt enabled on 0.0.0.0:7687.
2026-03-31 16:44:23.111+0000 INFO  HTTP enabled on 0.0.0.0:7474.
2026-03-31 16:44:23.123+0000 INFO  Remote interface available at http://localhost:7474/
2026-03-31 16:44:23.165+0000 INFO  id: A7A8DD71ED9D3EECFBC6B4B6BB8F8C2119D51DFA343EEA4B8C7840CB093A3C39
2026-03-31 16:44:23.169+0000 INFO  name: system
2026-03-31 16:44:23.188+0000 INFO  creationDate: 2026-03-29T16:58:23.245Z
2026-03-31 16:44:23.199+0000 INFO  Started.
2026-03-31 16:48:49.004+0000 INFO  Neo4j Server shutdown initiated by request
2026-03-31 16:48:49.051+0000 INFO  Stopping...
2026-03-31 16:49:19.355+0000 INFO  Logging config in use: File '/var/lib/neo4j/conf/user-logs.xml'
2026-03-31 16:49:19.393+0000 INFO  Starting...
2026-03-31 16:49:20.844+0000 INFO  This instance is ServerId{c23c6990} (c23c6990-65dd-4ca6-9256-d76c45c20ef8)
2026-03-31 16:49:23.548+0000 INFO  ======== Neo4j 2026.02.3 ========
2026-03-31 16:49:27.555+0000 INFO  Anonymous Usage Data is being sent to Neo4j, see https://neo4j.com/docs/usage-data/
2026-03-31 16:49:28.551+0000 INFO  Bolt enabled on 0.0.0.0:7687.
2026-03-31 16:49:32.490+0000 INFO  HTTP enabled on 0.0.0.0:7474.
2026-03-31 16:49:32.502+0000 INFO  Remote interface available at http://localhost:7474/
2026-03-31 16:49:32.516+0000 INFO  id: A7A8DD71ED9D3EECFBC6B4B6BB8F8C2119D51DFA343EEA4B8C7840CB093A3C39
2026-03-31 16:49:32.519+0000 INFO  name: system
2026-03-31 16:49:32.523+0000 INFO  creationDate: 2026-03-29T16:58:23.245Z
2026-03-31 16:49:32.531+0000 INFO  Started.
2026-03-31 16:54:20.872+0000 INFO  Neo4j Server shutdown initiated by request
2026-03-31 16:54:20.935+0000 INFO  Stopping...
2026-03-31 16:56:10.294+0000 INFO  Logging config in use: File '/var/lib/neo4j/conf/user-logs.xml'
2026-03-31 16:56:10.334+0000 INFO  Starting...
2026-03-31 16:56:12.014+0000 INFO  This instance is ServerId{c23c6990} (c23c6990-65dd-4ca6-9256-d76c45c20ef8)
2026-03-31 16:56:14.558+0000 INFO  ======== Neo4j 2026.02.3 ========
2026-03-31 16:56:19.667+0000 INFO  Anonymous Usage Data is being sent to Neo4j, see https://neo4j.com/docs/usage-data/
2026-03-31 16:56:20.688+0000 INFO  Bolt enabled on 0.0.0.0:7687.
2026-03-31 16:56:22.811+0000 INFO  HTTP enabled on 0.0.0.0:7474.
2026-03-31 16:56:22.812+0000 INFO  Remote interface available at http://localhost:7474/
2026-03-31 16:56:22.816+0000 INFO  id: A7A8DD71ED9D3EECFBC6B4B6BB8F8C2119D51DFA343EEA4B8C7840CB093A3C39
2026-03-31 16:56:22.817+0000 INFO  name: system
2026-03-31 16:56:22.818+0000 INFO  creationDate: 2026-03-29T16:58:23.245Z
2026-03-31 16:56:22.819+0000 INFO  Started.
2026-03-31 17:00:48.172+0000 INFO  Neo4j Server shutdown initiated by request
2026-03-31 17:00:48.238+0000 INFO  Stopping...
2026-03-31 17:01:17.536+0000 INFO  Logging config in use: File '/var/lib/neo4j/conf/user-logs.xml'
2026-03-31 17:01:17.653+0000 INFO  Starting...
2026-03-31 17:01:18.828+0000 INFO  This instance is ServerId{c23c6990} (c23c6990-65dd-4ca6-9256-d76c45c20ef8)
2026-03-31 17:01:20.956+0000 INFO  ======== Neo4j 2026.02.3 ========
2026-03-31 17:01:24.699+0000 INFO  Anonymous Usage Data is being sent to Neo4j, see https://neo4j.com/docs/usage-data/
2026-03-31 17:01:25.324+0000 INFO  Bolt enabled on 0.0.0.0:7687.
2026-03-31 17:01:27.595+0000 INFO  HTTP enabled on 0.0.0.0:7474.
2026-03-31 17:01:27.596+0000 INFO  Remote interface available at http://localhost:7474/
2026-03-31 17:01:27.601+0000 INFO  id: A7A8DD71ED9D3EECFBC6B4B6BB8F8C2119D51DFA343EEA4B8C7840CB093A3C39
2026-03-31 17:01:27.602+0000 INFO  name: system
2026-03-31 17:01:27.603+0000 INFO  creationDate: 2026-03-29T16:58:23.245Z
2026-03-31 17:01:27.603+0000 INFO  Started.
2026-03-31 17:05:45.099+0000 INFO  Neo4j Server shutdown initiated by request
2026-03-31 17:05:45.151+0000 INFO  Stopping...
2026-03-31 17:06:12.219+0000 INFO  Logging config in use: File '/var/lib/neo4j/conf/user-logs.xml'
2026-03-31 17:06:12.246+0000 INFO  Starting...
2026-03-31 17:06:13.299+0000 INFO  This instance is ServerId{c23c6990} (c23c6990-65dd-4ca6-9256-d76c45c20ef8)
2026-03-31 17:06:14.951+0000 INFO  ======== Neo4j 2026.02.3 ========
2026-03-31 17:06:18.326+0000 INFO  Anonymous Usage Data is being sent to Neo4j, see https://neo4j.com/docs/usage-data/
2026-03-31 17:06:19.304+0000 INFO  Bolt enabled on 0.0.0.0:7687.
2026-03-31 17:06:22.103+0000 INFO  HTTP enabled on 0.0.0.0:7474.
2026-03-31 17:06:22.104+0000 INFO  Remote interface available at http://localhost:7474/
2026-03-31 17:06:22.110+0000 INFO  id: A7A8DD71ED9D3EECFBC6B4B6BB8F8C2119D51DFA343EEA4B8C7840CB093A3C39
2026-03-31 17:06:22.111+0000 INFO  name: system
2026-03-31 17:06:22.112+0000 INFO  creationDate: 2026-03-29T16:58:23.245Z
2026-03-31 17:06:22.112+0000 INFO  Started.
2026-03-31 17:13:19.929+0000 INFO  Neo4j Server shutdown initiated by request
2026-03-31 17:13:20.026+0000 INFO  Stopping...
2026-03-31 17:13:54.502+0000 INFO  Logging config in use: File '/var/lib/neo4j/conf/user-logs.xml'
2026-03-31 17:13:54.533+0000 INFO  Starting...
2026-03-31 17:13:55.773+0000 INFO  This instance is ServerId{c23c6990} (c23c6990-65dd-4ca6-9256-d76c45c20ef8)
2026-03-31 17:13:57.632+0000 INFO  ======== Neo4j 2026.02.3 ========
2026-03-31 17:14:00.625+0000 INFO  Anonymous Usage Data is being sent to Neo4j, see https://neo4j.com/docs/usage-data/
2026-03-31 17:14:01.298+0000 INFO  Bolt enabled on 0.0.0.0:7687.
2026-03-31 17:14:03.753+0000 INFO  HTTP enabled on 0.0.0.0:7474.
2026-03-31 17:14:03.757+0000 INFO  Remote interface available at http://localhost:7474/
2026-03-31 17:14:03.761+0000 INFO  id: A7A8DD71ED9D3EECFBC6B4B6BB8F8C2119D51DFA343EEA4B8C7840CB093A3C39
2026-03-31 17:14:03.762+0000 INFO  name: system
2026-03-31 17:14:03.762+0000 INFO  creationDate: 2026-03-29T16:58:23.245Z
2026-03-31 17:14:03.763+0000 INFO  Started.
2026-03-31 17:14:23.417+0000 INFO  Neo4j Server shutdown initiated by request
2026-03-31 17:14:23.444+0000 INFO  Stopping...
2026-03-31 17:15:02.308+0000 INFO  Logging config in use: File '/var/lib/neo4j/conf/user-logs.xml'
2026-03-31 17:15:02.327+0000 INFO  Starting...
2026-03-31 17:15:03.276+0000 INFO  This instance is ServerId{c23c6990} (c23c6990-65dd-4ca6-9256-d76c45c20ef8)
2026-03-31 17:15:05.167+0000 INFO  ======== Neo4j 2026.02.3 ========
2026-03-31 17:15:08.458+0000 INFO  Anonymous Usage Data is being sent to Neo4j, see https://neo4j.com/docs/usage-data/
2026-03-31 17:15:09.048+0000 INFO  Bolt enabled on 0.0.0.0:7687.
2026-03-31 17:15:11.921+0000 INFO  HTTP enabled on 0.0.0.0:7474.
2026-03-31 17:15:11.923+0000 INFO  Remote interface available at http://localhost:7474/
2026-03-31 17:15:11.927+0000 INFO  id: A7A8DD71ED9D3EECFBC6B4B6BB8F8C2119D51DFA343EEA4B8C7840CB093A3C39
2026-03-31 17:15:11.928+0000 INFO  name: system
2026-03-31 17:15:11.929+0000 INFO  creationDate: 2026-03-29T16:58:23.245Z
2026-03-31 17:15:11.929+0000 INFO  Started.
2026-03-31 17:25:50.026+0000 INFO  Neo4j Server shutdown initiated by request
2026-03-31 17:25:50.061+0000 INFO  Stopping...
2026-03-31 17:26:40.675+0000 INFO  Logging config in use: File '/var/lib/neo4j/conf/user-logs.xml'
2026-03-31 17:26:40.707+0000 INFO  Starting...
2026-03-31 17:26:42.347+0000 INFO  This instance is ServerId{c23c6990} (c23c6990-65dd-4ca6-9256-d76c45c20ef8)
2026-03-31 17:26:46.531+0000 INFO  ======== Neo4j 2026.02.3 ========
2026-03-31 17:26:53.789+0000 INFO  Anonymous Usage Data is being sent to Neo4j, see https://neo4j.com/docs/usage-data/
2026-03-31 17:26:55.320+0000 INFO  Bolt enabled on 0.0.0.0:7687.
2026-03-31 17:27:01.948+0000 INFO  HTTP enabled on 0.0.0.0:7474.
2026-03-31 17:27:01.955+0000 INFO  Remote interface available at http://localhost:7474/
2026-03-31 17:27:01.968+0000 INFO  id: A7A8DD71ED9D3EECFBC6B4B6BB8F8C2119D51DFA343EEA4B8C7840CB093A3C39
2026-03-31 17:27:01.969+0000 INFO  name: system
2026-03-31 17:27:01.971+0000 INFO  creationDate: 2026-03-29T16:58:23.245Z
2026-03-31 17:27:01.972+0000 INFO  Started.
2026-04-01 01:48:36.368+0000 INFO  Neo4j Server shutdown initiated by request
2026-04-01 01:48:36.430+0000 INFO  Stopping...
